refined/1k22
refined/2bmk
refined/3bpc
refined/2zgx
refined/3qtv
refined/2jh6
refined/1mu6
refined/1mue
refined/4o97
refined/2zfp
refined/1ype
refined/2jh0
refined/3f68
refined/4hfp
refined/4ax9
refined/3qto
refined/3tu7
refined/3shc
refined/1c4u
refined/1nt1
refined/1g32
refined/1mu8
refined/4loy
refined/3hzm
refined/1qbv
refined/1g30
refined/4e7r
refined/1d6w
refined/2cf8
refined/1nm6
refined/3si4
refined/4isi
refined/3qx5
refined/2cf9
refined/1ta6
refined/3bv9
refined/3hzk
refined/3qwc
refined/1bhx
refined/3p17
refined/4nj9
refined/1zgi
refined/4m7j
refined/2jh5
refined/1sl3
refined/1c1v
refined/1uvt
refined/3hzv
refined/1d9i
refined/3sv2
refined/1k21
refined/2zda
refined/1tom
refined/1ypg
refined/1ghy
refined/3sha
refined/1ypj
refined/1z71
refined/3utu
refined/1sb1
refined/2cn0
refined/3si3
refined/2zc9
refined/1yei
refined/1ghw
other/2fx8
other/3s7f
other/1qhr
other/1qj6
other/1ett
other/3dux
other/5icz
other/2fes
other/1ca8
other/4hs8
other/1wun
other/4zxy
other/1dwc
other/1wss
other/4jyu
other/4rn6
other/5wqd
other/2aei
other/2anm
other/1w2k
other/1f3j
other/1nzq
other/2bxt
other/3c1k
other/5j6d
other/1klg
other/2zp0
other/3chd
other/1o0d
other/1a2c
other/3dhk
other/1bmm
other/3tpu
other/4ufg
other/1ny2
other/2c8y
other/2ank
other/1wqv
other/1dwd
other/1qj7
other/1wtg
other/1c4y
other/1uvu
other/1w7x
other/2c8w
other/1awf
other/2r1x
other/2fx9
other/4ngh
other/4ufe
other/2l7u
other/2bxu
other/4pri
other/6b8i
other/1zgv
other/3egk
other/1uvs
other/1wv7
other/2c93
other/2zo3
other/2zzu
other/2a2x
other/1ets
other/2kpl
other/2bvx
other/4nga
other/3e0p
other/1sje
other/1bb0
other/1ta2
other/2gde
other/1hdt
other/1bmn
other/3v30
other/1c4v
other/1ba8
other/4lxb
other/1doj
other/1awh
other/7kme
other/1j81
other/4ufd
other/2c8x