refined/1a4w
refined/1a94
refined/1aaq
refined/1adl
refined/1ai5
refined/1ai7
refined/1ajv
refined/1atl
refined/1b6j
refined/1b6k
refined/1b8y
refined/1bdq
refined/1bnv
refined/1bv7
refined/1bv9
refined/1bwa
refined/1bwb
refined/1c70
refined/1cgl
refined/1ciz
refined/1cnw
refined/1cny
refined/1d4j
refined/1d4l
refined/1dmp
refined/1dy4
refined/1ebw
refined/1ebz
refined/1ec0
refined/1ec1
refined/1ec2
refined/1ec3
refined/1ex8
refined/1fkn
refined/1fl3
refined/1fpc
refined/1ftm
refined/1g2k
refined/1g35
refined/1g74
refined/1gnm
refined/1gnn
refined/1gno
refined/1gyx
refined/1gyy
refined/1hfs
refined/1hih
refined/1hii
refined/1hmt
refined/1hn4
refined/1hos
refined/1hps
refined/1hpv
refined/1hsh
refined/1hvh
refined/1hvk
refined/1hvl
refined/1hvr
refined/1hvs
refined/1hwr
refined/1hxb
refined/1i5r
refined/1i7z
refined/1if7
refined/1igj
refined/1ii5
refined/1iiq
refined/1ikt
refined/1ivp
refined/1izh
refined/1izi
refined/1jao
refined/1jaq
refined/1jzs
refined/1kzk
refined/1kzn
refined/1lgt
refined/1lrh
refined/1lzq
refined/1m0b
refined/1m4h
refined/1m7d
refined/1mes
refined/1met
refined/1mfi
refined/1mmq
refined/1mmr
refined/1mrs
refined/1mrx
refined/1msm
refined/1msn
refined/1my4
refined/1nh0
refined/1nw7
refined/1o5g
refined/1ohr
refined/1oyt
refined/1p1n
refined/1p1o
refined/1p1q
refined/1pb8
refined/1pb9
refined/1pbq
refined/1phw
refined/1pro
refined/1q5k
refined/1q72
refined/1qbr
refined/1qbs
refined/1qbt
refined/1r0p
refined/1rmz
refined/1sbg
refined/1sgu
refined/1sh9
refined/1siv
refined/1sln
refined/1syh
refined/1syi
refined/1t7d
refined/1tcx
refined/1ttm
refined/1u71
refined/1ua4
refined/1vso
refined/1vyg
refined/1vzq
refined/1w5v
refined/1w7g
refined/1wn6
refined/1wvj
refined/1xhy
refined/1y1z
refined/1y20
refined/1zfq
refined/1zhy
refined/1zp8
refined/1zpa
refined/1zs0
refined/1zsf
refined/1zvx
refined/2aac
refined/2al5
refined/2amt
refined/2aoc
refined/2aod
refined/2aoe
refined/2aog
refined/2arm
refined/2avm
refined/2avq
refined/2buv
refined/2bvs
refined/2cej
refined/2cen
refined/2cex
refined/2d1n
refined/2d1o
refined/2ez7
refined/2f34
refined/2f35
refined/2f80
refined/2f81
refined/2f8g
refined/2fdp
refined/2fgu
refined/2fgv
refined/2fle
refined/2fmb
refined/2fzc
refined/2fzg
refined/2g94
refined/2gh9
refined/2gj5
refined/2glp
refined/2gvv
refined/2gzl
refined/2h3e
refined/2hah
refined/2hnx
refined/2hu6
refined/2i4d
refined/2i4u
refined/2i4v
refined/2i4w
refined/2i4x
refined/2i80
refined/2iko
refined/2nmz
refined/2o4k
refined/2o4s
refined/2p2a
refined/2p3a
refined/2p3b
refined/2p3c
refined/2p4j
refined/2pbw
refined/2pk5
refined/2psv
refined/2pym
refined/2pyn
refined/2q54
refined/2q5k
refined/2q63
refined/2q64
refined/2q6f
refined/2q88
refined/2qbu
refined/2qci
refined/2qd6
refined/2qd8
refined/2qhy
refined/2qi4
refined/2qi5
refined/2qi7
refined/2qm9
refined/2qmg
refined/2rkf
refined/2rkg
refined/2usn
refined/2uxz
refined/2uy0
refined/2vb8
refined/2vhj
refined/2vj8
refined/2vkm
refined/2vpo
refined/2wed
refined/2wgj
refined/2wky
refined/2wl0
refined/2x2r
refined/2x7t
refined/2x7u
refined/2xxr
refined/2xxt
refined/2xxx
refined/2xye
refined/2xyf
refined/2ydw
refined/2yek
refined/2yel
refined/2z4o
refined/2zq0
refined/2zym
refined/3agl
refined/3b92
refined/3bft
refined/3bfu
refined/3bgb
refined/3bva
refined/3bvb
refined/3ckp
refined/3cow
refined/3coy
refined/3coz
refined/3cyw
refined/3cyx
refined/3d1x
refined/3d1y
refined/3daz
refined/3dd0
refined/3dd8
refined/3djk
refined/3dk1
refined/3dln
refined/3dp4
refined/3e5a
refined/3e6y
refined/3ed0
refined/3eft
refined/3ehx
refined/3ehy
refined/3ekp
refined/3ekt
refined/3ekv
refined/3ekw
refined/3ekx
refined/3el4
refined/3el5
refined/3el9
refined/3elc
refined/3ewj
refined/3f15
refined/3f16
refined/3f17
refined/3f18
refined/3f1a
refined/3f6e
refined/3f6g
refined/3fas
refined/3fat
refined/3fh7
refined/3fj7
refined/3fjg
refined/3fuz
refined/3fv1
refined/3fv2
refined/3fv3
refined/3fvk
refined/3fvn
refined/3fzn
refined/3g19
refined/3g35
refined/3g5k
refined/3gba
refined/3gbb
refined/3gi4
refined/3gnw
refined/3h1x
refined/3h5b
refined/3hb4
refined/3hf8
refined/3hfb
refined/3hkn
refined/3hl8
refined/3hu3
refined/3i25
refined/3i4b
refined/3i6o
refined/3i73
refined/3i9g
refined/3ibi
refined/3ibl
refined/3ibn
refined/3ibu
refined/3ies
refined/3igp
refined/3ijh
refined/3imc
refined/3iob
refined/3ioc
refined/3iod
refined/3ioe
refined/3isj
refined/3iss
refined/3iub
refined/3iue
refined/3ivc
refined/3ivg
refined/3ivx
refined/3jrx
refined/3juk
refined/3jvs
refined/3kdb
refined/3kdc
refined/3kdd
refined/3kdm
refined/3kek
refined/3kwa
refined/3l0v
refined/3le9
refined/3lea
refined/3lir
refined/3ljg
refined/3ljz
refined/3lk8
refined/3lka
refined/3lpk
refined/3lzs
refined/3lzu
refined/3lzz
refined/3m3x
refined/3m67
refined/3mdz
refined/3mss
refined/3mxd
refined/3myg
refined/3n2u
refined/3n2v
refined/3ng4
refined/3ni5
refined/3nu4
refined/3nu5
refined/3nu9
refined/3nuj
refined/3nw3
refined/3nx7
refined/3nyd
refined/3o4k
refined/3o9a
refined/3o9d
refined/3o9i
refined/3oim
refined/3ok9
refined/3oku
refined/3oyq
refined/3p5o
refined/3pd8
refined/3pd9
refined/3pfp
refined/3pgu
refined/3pn1
refined/3pwm
refined/3q6w
refined/3q71
refined/3qaa
refined/3qbc
refined/3qox
refined/3qps
refined/3r7o
refined/3rf4
refined/3rf5
refined/3rt8
refined/3rtf
refined/3ryj
refined/3ryv
refined/3ryx
refined/3ryy
refined/3rz1
refined/3rz5
refined/3rz7
refined/3rz8
refined/3s2v
refined/3s45
refined/3s54
refined/3s72
refined/3s73
refined/3s9e
refined/3slz
refined/3sm2
refined/3sr4
refined/3st5
refined/3t0x
refined/3t1a
refined/3t6b
refined/3tfu
refined/3th9
refined/3tk2
refined/3tkw
refined/3ts4
refined/3tsk
refined/3tt4
refined/3ttp
refined/3tvc
refined/3twp
refined/3tza
refined/3u5j
refined/3u5l
refined/3u6h
refined/3u6i
refined/3u92
refined/3u93
refined/3ug2
refined/3usx
refined/3v7x
refined/3vf5
refined/3vf7
refined/3vfa
refined/3vjc
refined/3vx3
refined/3w9k
refined/3wgg
refined/3wvm
refined/3zbx
refined/3zc5
refined/3zcl
refined/3zps
refined/3zpu
refined/3zxz
refined/3zze
refined/456c
refined/4a4q
refined/4a6b
refined/4a6c
refined/4acc
refined/4ad6
refined/4agn
refined/4ago
refined/4agp
refined/4agq
refined/4ahr
refined/4aoi
refined/4ap7
refined/4b74
refined/4b9k
refined/4bks
refined/4c2v
refined/4c6u
refined/4cfl
refined/4cp7
refined/4cpr
refined/4cps
refined/4cpt
refined/4cpw
refined/4cs9
refined/4czs
refined/4ddh
refined/4ddk
refined/4de0
refined/4de1
refined/4de2
refined/4djo
refined/4djp
refined/4djq
refined/4djr
refined/4dld
refined/4e0x
refined/4ef6
refined/4efk
refined/4efs
refined/4ek9
refined/4elf
refined/4elg
refined/4f39
refined/4f3c
refined/4f3k
refined/4f5y
refined/4f7v
refined/4fev
refined/4few
refined/4flp
refined/4fnn
refined/4fz3
refined/4g8m
refined/4g8n
refined/4gah
refined/4gid
refined/4gih
refined/4gii
refined/4gj2
refined/4gj3
refined/4gkh
refined/4gkm
refined/4gql
refined/4gqq
refined/4gr0
refined/4gr3
refined/4gr8
refined/4hdb
refined/4hdf
refined/4hdp
refined/4heg
refined/4hj2
refined/4hla
refined/4ht0
refined/4i8z
refined/4ih3
refined/4in9
refined/4isi
refined/4isu
refined/4itp
refined/4iue
refined/4jal
refined/4je7
refined/4jpx
refined/4jpy
refined/4k7i
refined/4k7n
refined/4k7o
refined/4kb9
refined/4kcx
refined/4kfq
refined/4kiu
refined/4knm
refined/4ko8
refined/4kp5
refined/4kp8
refined/4l19
refined/4l2l
refined/4ljh
refined/4ll3
refined/4loh
refined/4lyw
refined/4lzr
refined/4lzs
refined/4m0r
refined/4m2u
refined/4m2w
refined/4m8x
refined/4m8y
refined/4mc1
refined/4mc2
refined/4mc6
refined/4mc9
refined/4mq6
refined/4mr3
refined/4mr6
refined/4muf
refined/4mul
refined/4n07
refined/4n9a
refined/4nbl
refined/4nra
refined/4nuc
refined/4nue
refined/4nwc
refined/4o3f
refined/4ogj
refined/4omc
refined/4ovf
refined/4ovg
refined/4phu
refined/4q08
refined/4q09
refined/4q19
refined/4q6d
refined/4q6e
refined/4q9o
refined/4qb3
refined/4qev
refined/4qew
refined/4qf9
refined/4qgi
refined/4qj0
refined/4qjw
refined/4ql1
refined/4r5a
refined/4rfc
refined/4rpo
refined/4rr6
refined/4rra
refined/4rrf
refined/4rvr
refined/4ryd
refined/4s1g
refined/4sga
refined/4tqn
refined/4tt2
refined/4tte
refined/4u1b
refined/4u69
refined/4u6w
refined/4u70
refined/4u71
refined/4u73
refined/4u8w
refined/4uyf
refined/4w9c
refined/4w9d
refined/4w9f
refined/4w9h
refined/4w9i
refined/4w9j
refined/4w9k
refined/4w9l
refined/4wiv
refined/4wop
refined/4x48
refined/4xya
refined/4yha
refined/4yk0
refined/4ymb
refined/4yml
refined/4z0q
refined/4z1e
refined/4z1j
refined/4z1k
refined/4z93
refined/4zb8
refined/4zeb
refined/4zip
refined/4zls
refined/4zme
refined/4zvi
refined/5a7b
refined/5a7y
refined/5acy
refined/5alb
refined/5amd
refined/5aoi
refined/5aoj
refined/5bry
refined/5bs4
refined/5btx
refined/5bv3
refined/5cbr
refined/5cbs
refined/5cks
refined/5cp5
refined/5cqt
refined/5cu4
refined/5cxa
refined/5cy9
refined/5czm
refined/5d0c
refined/5d24
refined/5d25
refined/5d26
refined/5d3c
refined/5d3h
refined/5d3j
refined/5d3l
refined/5d3n
refined/5d3p
refined/5d3t
refined/5d45
refined/5d47
refined/5dbm
refined/5dgu
refined/5dgw
refined/5dhu
refined/5dqc
refined/5dw2
refined/5dx4
refined/5e2s
refined/5e73
refined/5e74
refined/5een
refined/5efj
refined/5egu
refined/5eh8
refined/5ehr
refined/5ehw
refined/5eis
refined/5etb
refined/5evb
refined/5evd
refined/5f5z
refined/5f60
refined/5f61
refined/5f62
refined/5f63
refined/5f8y
refined/5fdc
refined/5fe7
refined/5fe9
refined/5fhn
refined/5fho
refined/5fsx
refined/5fsy
refined/5gmn
refined/5gsa
refined/5hcy
refined/5hvs
refined/5hvt
refined/5hz6
refined/5i1q
refined/5i29
refined/5i2e
refined/5i80
refined/5i88
refined/5i8g
refined/5igm
refined/5ih9
refined/5izf
refined/5j0d
refined/5j7q
refined/5jfp
refined/5jfu
refined/5jzi
refined/5kat
refined/5kax
refined/5kej
refined/5khm
refined/5kqx
refined/5kqy
refined/5kr0
refined/5kr2
refined/5ld8
refined/5lli
refined/5lvq
refined/5lvr
refined/5mg2
refined/5mge
refined/5mgf
refined/5mgj
refined/5mgk
refined/5mo8
refined/5mod
refined/5mpz
refined/5mqe
refined/5n0d
refined/5n0e
refined/5n17
refined/5n93
refined/5nea
refined/5neb
refined/5nih
refined/5nvv
refined/5nvw
refined/5nvx
refined/5nw0
refined/5nw1
refined/5nw2
refined/5o2d
refined/5o4f
refined/5ovr
refined/5ovx
refined/5sxm
refined/5sym
refined/5tb6
refined/5tbe
refined/5tmp
refined/5tpx
refined/5tt3
refined/5u0f
refined/5u0g
refined/5u14
refined/5u28
refined/5ueu
refined/5uez
refined/5uf0
refined/5ula
refined/5ult
refined/5uoo
refined/5uov
refined/5vcw
refined/5vcy
refined/5vcz
refined/5vd3
refined/5vgy
refined/5w1e
refined/5wal
refined/5wbm
refined/5wlo
refined/5wqc
refined/5wxh
refined/5xg5
refined/6b4n
refined/6b7b
refined/6ep4
refined/6std
other/13gs
other/16pk
other/1a42
other/1a46
other/1a5g
other/1a61
other/1a7x
other/1a85
other/1a86
other/1abt
other/1ad8
other/1aj6
other/1aqi
other/1aqj
other/1azg
other/1azx
other/1b5g
other/1b6p
other/1bbz
other/1bil
other/1biw
other/1bjr
other/1bm6
other/1bmq
other/1bqm
other/1bqn
other/1bqo
other/1bzs
other/1c3i
other/1c50
other/1c6y
other/1caq
other/1cil
other/1cim
other/1cin
other/1cka
other/1ckb
other/1cpi
other/1d5j
other/1d8f
other/1d8m
other/1dbj
other/1ddm
other/1dfo
other/1dis
other/1dmb
other/1dth
other/1dtq
other/1dub
other/1e03
other/1e8h
other/1ej4
other/1em6
other/1eoj
other/1eol
other/1eub
other/1ewj
other/1exv
other/1exw
other/1f1j
other/1ftj
other/1ftk
other/1ftl
other/1fw0
other/1g05
other/1g37
other/1g49
other/1g4k
other/1g6g
other/1gbq
other/1gj4
other/1gj5
other/1gmy
other/1h39
other/1h3c
other/1h3h
other/1h5u
other/1haa
other/1hef
other/1heg
other/1hiv
other/1hk3
other/1hrn
other/1htf
other/1hv5
other/1hy7
other/1i41
other/1i43
other/1i48
other/1i8z
other/1i91
other/1icj
other/1ida
other/1idb
other/1idg
other/1iht
other/1ikv
other/1ikw
other/1ikx
other/1iky
other/1it6
other/1j7z
other/1j80
other/1j81
other/1jwm
other/1jwu
other/1jyc
other/1jyi
other/1klg
other/1lxh
other/1m5b
other/1m5c
other/1m5d
other/1m5e
other/1m5f
other/1m74
other/1meu
other/1mm6
other/1mm7
other/1mmp
other/1mnc
other/1mqd
other/1mqg
other/1mqh
other/1mqi
other/1mqj
other/1ms7
other/1mui
other/1mv0
other/1mxu
other/1my2
other/1my3
other/1n0t
other/1njf
other/1njj
other/1nlo
other/1nlp
other/1nnk
other/1nox
other/1o2g
other/1o79
other/1o9e
other/1ocn
other/1ody
other/1ok7
other/1om9
other/1osg
other/1osv
other/1ox9
other/1p4u
other/1pop
other/1pu8
other/1pw6
other/1pwp
other/1q3w
other/1q41
other/1q95
other/1qj1
other/1qsc
other/1qwf
other/1qxw
other/1qxy
other/1r17
other/1rev
other/1rgj
other/1rlp
other/1rm8
other/1ros
other/1rri
other/1rs4
other/1rsd
other/1rt1
other/1rt2
other/1rth
other/1rti
other/1s4d
other/1s50
other/1s9t
other/1sqi
other/1sqp
other/1t1r
other/1t3t
other/1tbz
other/1tfz
other/1thr
other/1tka
other/1tkt
other/1tkz
other/1tl1
other/1tl3
other/1tmb
other/1tnk
other/1tow
other/1tt1
other/1tv6
other/1u59
other/1urg
other/1uti
other/1utt
other/1utz
other/1uv5
other/1uxa
other/1uxb
other/1vij
other/1vik
other/1vj9
other/1vrt
other/1vyj
other/1w2g
other/1w2k
other/1w51
other/1wqv
other/1wug
other/1x6u
other/1x8s
other/1xbc
other/1xn2
other/1xn3
other/1xs7
other/1xuc
other/1xud
other/1xxi
other/1y19
other/1y1m
other/1y2f
other/1y2g
other/1ya4
other/1yc5
other/1ycm
other/1ykp
other/1ym2
other/1yms
other/1ymx
other/1yt9
other/1yvf
other/1yvh
other/1z2b
other/1z3j
other/1z4u
other/1z6f
other/1z9h
other/1zgb
other/1zls
other/1zlu
other/1zlv
other/1zlw
other/1zp5
other/1zsr
other/1ztq
other/1zxc
other/1zxv
other/1zyr
other/2a8h
other/2adm
other/2aei
other/2agv
other/2aig
other/2alv
other/2aof
other/2aoj
other/2aqb
other/2asu
other/2avv
other/2aw1
other/2az8
other/2azb
other/2ban
other/2bba
other/2bbb
other/2bj4
other/2bks
other/2bmc
other/2bpx
other/2bz8
other/2c4w
other/2c6e
other/2cbr
other/2cem
other/2ci9
other/2cia
other/2cmo
other/2d06
other/2d1x
other/2ddf
other/2df6
other/2dwx
other/2dxs
other/2er9
other/2f3e
other/2f3f
other/2f3k
other/2fdd
other/2fde
other/2fl5
other/2fme
other/2fq6
other/2frd
other/2fs8
other/2fs9
other/2fts
other/2fv5
other/2fv9
other/2fvc
other/2fw3
other/2fx7
other/2fx8
other/2fx9
other/2gd8
other/2gh6
other/2gm9
other/2gz8
other/2h6k
other/2hdx
other/2hiz
other/2hm1
other/2hny
other/2hob
other/2hs2
other/2i3v
other/2i47
other/2i5j
other/2i7c
other/2ie4
other/2ien
other/2ieo
other/2iku
other/2il2
other/2ipo
other/2iqg
other/2ito
other/2itt
other/2ity
other/2itz
other/2j4z
other/2j50
other/2j6m
other/2jbv
other/2jiu
other/2jk9
other/2jld
other/2jmj
other/2jnp
other/2jsd
other/2jt5
other/2ke1
other/2knh
other/2ksb
other/2l1b
other/2l75
other/2nm1
other/2nmb
other/2nmy
other/2nnk
other/2nnp
other/2nnv
other/2np8
other/2nq6
other/2nq7
other/2nwl
other/2nwn
other/2nxd
other/2nxl
other/2nxm
other/2o5k
other/2o63
other/2o9j
other/2oa0
other/2oi3
other/2ok1
other/2on3
other/2ooh
other/2ooz
other/2ovz
other/2ow0
other/2ow1
other/2ow2
other/2ow3
other/2ow9
other/2oz5
other/2ozr
other/2p3d
other/2p83
other/2pfy
other/2pjb
other/2pjt
other/2pt9
other/2puy
other/2qhc
other/2qic
other/2qk5
other/2ql5
other/2ql7
other/2qmd
other/2qmf
other/2qnz
other/2qry
other/2qtr
other/2qx0
other/2qzl
other/2r0y
other/2r2l
other/2r5q
other/2rcu
other/2rf2
other/2rfn
other/2rjp
other/2rkn
other/2rnw
other/2rnx
other/2rny
other/2rol
other/2rr4
other/2upj
other/2uxx
other/2v10
other/2v11
other/2v12
other/2v13
other/2v16
other/2v5x
other/2v87
other/2vcg
other/2vhq
other/2vie
other/2viy
other/2viz
other/2vj6
other/2vj7
other/2vnf
other/2vnm
other/2vnn
other/2vr3
other/2vrx
other/2vte
other/2vxj
other/2w0d
other/2w10
other/2w1c
other/2w1d
other/2w1e
other/2w1f
other/2w1g
other/2w1i
other/2w4i
other/2wd1
other/2wez
other/2wf0
other/2wf1
other/2wf2
other/2wf3
other/2wo8
other/2wo9
other/2woa
other/2won
other/2wp1
other/2wxf
other/2wxg
other/2wxh
other/2wxi
other/2wxj
other/2wxk
other/2x2c
other/2x38
other/2x5o
other/2x6e
other/2x6w
other/2x6y
other/2x7d
other/2x85
other/2xaf
other/2xag
other/2xah
other/2xaj
other/2xas
other/2xcg
other/2xfi
other/2xfj
other/2xfk
other/2xg5
other/2xl2
other/2xl3
other/2xlc
other/2xne
other/2xng
other/2xru
other/2xs0
other/2xwy
other/2xxw
other/2xxy
other/2xyn
other/2y1o
other/2y1w
other/2y1x
other/2y4k
other/2y4l
other/2y4m
other/2y67
other/2y6c
other/2y6d
other/2y8l
other/2y8q
other/2yig
other/2yiv
other/2yog
other/2yoh
other/2z92
other/2z97
other/2zif
other/2zjf
other/2zns
other/2znt
other/2znu
other/2zp0
other/2zu4
other/2zu5
other/3a4p
other/3abt
other/3ah8
other/3aig
other/3amb
other/3aqa
other/3are
other/3arf
other/3ask
other/3asl
other/3asx
other/3at1
other/3azb
other/3b9s
other/3bb1
other/3bet
other/3bh3
other/3bho
other/3bki
other/3bl7
other/3bl9
other/3bla
other/3bmn
other/3bmo
other/3bpr
other/3br9
other/3bsc
other/3bu6
other/3bum
other/3bun
other/3buo
other/3buw
other/3bux
other/3bxs
other/3c10
other/3c1x
other/3c6u
other/3c6w
other/3c7p
other/3caj
other/3ccn
other/3cd8
other/3cde
other/3ce3
other/3cfs
other/3cfv
other/3ckr
other/3coh
other/3cso
other/3cth
other/3ctj
other/3cwj
other/3d1e
other/3d1f
other/3d20
other/3d32
other/3dcr
other/3dcw
other/3di6
other/3dkf
other/3dkg
other/3dm6
other/3dng
other/3dp3
other/3dpd
other/3dpe
other/3dpf
other/3drp
other/3drr
other/3duy
other/3dv1
other/3dv5
other/3dxk
other/3dz6
other/3e0p
other/3e7a
other/3e7b
other/3e8r
other/3efj
other/3efk
other/3eig
other/3ekq
other/3eks
other/3eky
other/3el0
other/3eor
other/3eqy
other/3eyf
other/3f0r
other/3f66
other/3f82
other/3f9n
other/3fbr
other/3fc8
other/3fck
other/3fdn
other/3fdt
other/3fh5
other/3fh8
other/3fhe
other/3fl8
other/3fr2
other/3fsj
other/3fsm
other/3fts
other/3ftu
other/3ftv
other/3ftw
other/3fty
other/3ftz
other/3fu0
other/3fu5
other/3fu6
other/3fuh
other/3fui
other/3fuj
other/3fuk
other/3ful
other/3fum
other/3fun
other/3fvg
other/3fxb
other/3fzr
other/3g42
other/3g6z
other/3gbq
other/3ggv
other/3ggw
other/3ghe
other/3gnv
other/3guz
other/3gw5
other/3gyn
other/3h03
other/3h06
other/3h0q
other/3h1z
other/3h59
other/3h5s
other/3h98
other/3haw
other/3hbo
other/3hdk
other/3hf6
other/3hlo
other/3hqz
other/3hr1
other/3hu1
other/3hu2
other/3hwx
other/3hxe
other/3i5n
other/3i7g
other/3i7i
other/3iaw
other/3ibc
other/3ikc
other/3img
other/3ivh
other/3ivi
other/3ixj
other/3ixk
other/3jq7
other/3jq8
other/3jqg
other/3jzq
other/3k23
other/3k26
other/3k5c
other/3k5d
other/3k5f
other/3k5g
other/3k5u
other/3ka2
other/3kec
other/3kfn
other/3kjn
other/3kjq
other/3km4
other/3krr
other/3kry
other/3ktr
other/3kyr
other/3kze
other/3l0k
other/3l1s
other/3l58
other/3l5r
other/3l6f
other/3l8v
other/3lau
other/3le8
other/3lgp
other/3lik
other/3lil
other/3lkh
other/3lp2
other/3lpb
other/3lq8
other/3lrh
other/3lzb
other/3m11
other/3m17
other/3m1s
other/3m8p
other/3mg4
other/3mg6
other/3ml4
other/3mo8
other/3mrv
other/3mrx
other/3ms2
other/3ms7
other/3muk
other/3mxf
other/3n23
other/3n4l
other/3n5e
other/3nan
other/3nc9
other/3nf3
other/3nrm
other/3nsh
other/3o64
other/3o6t
other/3o9b
other/3o9c
other/3o9f
other/3o9g
other/3oay
other/3ob0
other/3ob1
other/3ob2
other/3obq
other/3obu
other/3obx
other/3oe0
other/3oeu
other/3ogx
other/3ohf
other/3ohh
other/3oik
other/3oqf
other/3oqk
other/3oxc
other/3p1d
other/3p4f
other/3p9h
other/3p9j
other/3pd2
other/3pd3
other/3pi5
other/3pp7
other/3pty
other/3pz3
other/3q0z
other/3q2m
other/3q3t
other/3q4b
other/3q4j
other/3q4k
other/3q4l
other/3q5h
other/3q6s
other/3q8h
other/3q92
other/3qa2
other/3qai
other/3qbh
other/3qcf
other/3qch
other/3qci
other/3qcj
other/3qck
other/3qcl
other/3qi1
other/3qnd
other/3qo9
other/3qpn
other/3qpp
other/3qti
other/3qup
other/3qxm
other/3qzt
other/3qzv
other/3r0w
other/3r0y
other/3r2f
other/3r42
other/3r6c
other/3rg2
other/3rhk
other/3rl7
other/3rqw
other/3rt4
other/3rt6
other/3rum
other/3rv7
other/3rv9
other/3rvg
other/3rw9
other/3rxj
other/3rz3
other/3s1y
other/3s56
other/3sap
other/3sbh
other/3sdk
other/3sfc
other/3shb
other/3skf
other/3sl1
other/3sl4
other/3sl5
other/3sna
other/3so9
other/3sou
other/3sow
other/3spk
other/3t19
other/3t4n
other/3t4p
other/3t6j
other/3t6r
other/3t7g
other/3t8w
other/3tam
other/3tcp
other/3tcy
other/3tdj
other/3tdu
other/3tdz
other/3tfk
other/3tjc
other/3tjm
other/3tlh
other/3tne
other/3u51
other/3u78
other/3u7n
other/3u7s
other/3ua8
other/3uat
other/3ud5
other/3udn
other/3udv
other/3udy
other/3ufa
other/3ufl
other/3ukr
other/3unn
other/3uoj
other/3uqp
other/3uqr
other/3ur0
other/3ur9
other/3ut5
other/3uvm
other/3uvw
other/3uwk
other/3vqu
other/3vsw
other/3vsx
other/3w2q
other/3wd2
other/3wkc
other/3wkd
other/3wnr
other/3wns
other/3wnt
other/3wp0
other/3wp1
other/3ws8
other/3ws9
other/3wv1
other/3wv2
other/3wyy
other/3wzj
other/3zhf
other/3zmu
other/3zmv
other/3zmz
other/3zqi
other/3zqt
other/3zs0
other/3zst
other/3ztc
other/3ztx
other/3zvy
other/3zxh
other/4a51
other/4a7b
other/4a9i
other/4a9m
other/4a9n
other/4aa7
other/4acd
other/4acg
other/4ach
other/4af3
other/4afj
other/4ahv
other/4aig
other/4ajw
other/4alg
other/4anv
other/4anw
other/4aof
other/4aom
other/4ap0
other/4ay6
other/4az0
other/4az3
other/4aza
other/4azp
other/4b9h
other/4ba3
other/4bbg
other/4bea
other/4bfp
other/4bfr
other/4bvb
other/4bw1
other/4bw3
other/4bw4
other/4bxn
other/4bxu
other/4byi
other/4byj
other/4c4j
other/4c66
other/4c6v
other/4ciy
other/4cl9
other/4cpq
other/4cpu
other/4cpx
other/4cwb
other/4d2w
other/4d83
other/4d85
other/4d88
other/4d89
other/4d8c
other/4dds
other/4ddy
other/4de3
other/4de7
other/4deg
other/4deh
other/4dei
other/4dfl
other/4dh6
other/4dhf
other/4di2
other/4dlj
other/4dpf
other/4dpi
other/4dt6
other/4dum
other/4dus
other/4dv9
other/4dve
other/4dvf
other/4dx9
other/4e0w
other/4e1z
other/4e28
other/4e4a
other/4edu
other/4eev
other/4elb
other/4ele
other/4eoy
other/4ep2
other/4eqj
other/4er4
other/4erq
other/4ewh
other/4ewo
other/4exg
other/4eyj
other/4eym
other/4f14
other/4f20
other/4f3i
other/4f8j
other/4f9g
other/4fcf
other/4fe6
other/4feq
other/4ff8
other/4fgt
other/4fgx
other/4fjz
other/4fli
other/4fll
other/4fod
other/4fzg
other/4g11
other/4g16
other/4g5y
other/4g8o
other/4gao
other/4ge6
other/4ge9
other/4gg5
other/4gj7
other/4gj8
other/4gj9
other/4gjb
other/4gjc
other/4gjd
other/4gk7
other/4glr
other/4gly
other/4gmy
other/4gne
other/4gnf
other/4gng
other/4gs6
other/4gtm
other/4gtq
other/4gts
other/4gw1
other/4gw5
other/4gw8
other/4gxs
other/4gy5
other/4gye
other/4gzf
other/4hbv
other/4he9
other/4hgl
other/4hkp
other/4hlw
other/4hpy
other/4hxl
other/4hxm
other/4hxr
other/4hxs
other/4i67
other/4i7f
other/4i9r
other/4igr
other/4im0
other/4imq
other/4imz
other/4inh
other/4ir5
other/4ir6
other/4iut
other/4iuv
other/4iwd
other/4izm
other/4j0r
other/4j1p
other/4j2c
other/4j3i
other/4j8m
other/4j8r
other/4j8t
other/4j9a
other/4jbo
other/4jbp
other/4jg0
other/4jg1
other/4jin
other/4jiz
other/4jj8
other/4jjf
other/4jjg
other/4jk5
other/4jk6
other/4jln
other/4jnc
other/4jnm
other/4jpa
other/4jq7
other/4jq8
other/4jrv
other/4jyv
other/4k3o
other/4k3p
other/4k3q
other/4k3r
other/4k6t
other/4k6u
other/4k6v
other/4k6w
other/4k8s
other/4k9h
other/4kai
other/4kb7
other/4kby
other/4ke0
other/4ke1
other/4kfp
other/4kiw
other/4knb
other/4krs
other/4l1a
other/4l58
other/4lke
other/4lkf
other/4ln2
other/4lxa
other/4lxk
other/4lxm
other/4lys
other/4m3e
other/4m3q
other/4m5g
other/4m5h
other/4m5i
other/4m5j
other/4m5k
other/4m5l
other/4m5m
other/4m5n
other/4men
other/4meo
other/4mep
other/4meq
other/4mh7
other/4mha
other/4mm6
other/4mma
other/4mnq
other/4mnw
other/4mnx
other/4mny
other/4mr4
other/4mr5
other/4mrh
other/4mue
other/4muk
other/4mwc
other/4mxc
other/4mzj
other/4mzk
other/4mzl
other/4n3w
other/4n5t
other/4n7g
other/4n7y
other/4n98
other/4ng9
other/4nhc
other/4nmx
other/4no6
other/4nrb
other/4nrc
other/4nw7
other/4nwd
other/4o1d
other/4o36
other/4o37
other/4o3a
other/4o3b
other/4o3t
other/4o3u
other/4o4g
other/4o5g
other/4o71
other/4o72
other/4o74
other/4o75
other/4o76
other/4o78
other/4o7a
other/4o7b
other/4o7c
other/4o7e
other/4o7f
other/4obv
other/4od7
other/4odn
other/4ofb
other/4ogi
other/4omd
other/4oo9
other/4ory
other/4os1
other/4os2
other/4os4
other/4os5
other/4os6
other/4os7
other/4osf
other/4otw
other/4ov5
other/4oys
other/4oz1
other/4p0n
other/4p1r
other/4p2t
other/4p7m
other/4p7s
other/4pce
other/4pci
other/4ph4
other/4q6f
other/4q9m
other/4qbm
other/4qc1
other/4qiy
other/4qiz
other/4qjm
other/4qq4
other/4qr3
other/4qr4
other/4qr5
other/4qzs
other/4r1e
other/4r1v
other/4r1y
other/4ris
other/4rj7
other/4rrq
other/4rrr
other/4ryc
other/4ryg
other/4rz1
other/4tk2
other/4tk3
other/4tk4
other/4tky
other/4tsz
other/4tw9
other/4twd
other/4tzm
other/4tzn
other/4u0c
other/4u0d
other/4u4s
other/4u4x
other/4u6e
other/4u7q
other/4u7v
other/4u82
other/4u90
other/4u91
other/4uco
other/4ucs
other/4uct
other/4uix
other/4uiy
other/4uiz
other/4um9
other/4umr
other/4unn
other/4unq
other/4unr
other/4uns
other/4urm
other/4uuh
other/4uv8
other/4uv9
other/4uva
other/4uvb
other/4uvc
other/4uwg
other/4uyd
other/4uyh
other/4v0i
other/4v1c
other/4w4z
other/4w50
other/4w9e
other/4w9g
other/4wcf
other/4wci
other/4wey
other/4wf4
other/4wj7
other/4wk7
other/4wke
other/4wki
other/4wwn
other/4wwo
other/4wwp
other/4wy7
other/4wzv
other/4x2i
other/4x2s
other/4x3i
other/4x8g
other/4xbd
other/4xc2
other/4xct
other/4xe0
other/4xg3
other/4xg4
other/4xh2
other/4xhl
other/4xmo
other/4xqa
other/4xqb
other/4xsx
other/4xsy
other/4xsz
other/4xtt
other/4xua
other/4xub
other/4xuz
other/4xx4
other/4xy2
other/4xy9
other/4xyf
other/4y6r
other/4yad
other/4yax
other/4ybm
other/4ycl
other/4ycm
other/4ycn
other/4yh3
other/4yo6
other/4yp1
other/4yp8
other/4ypf
other/4yqh
other/4yrc
other/4yrg
other/4yrs
other/4yuw
other/4yuz
other/4yv0
other/4yv1
other/4yyi
other/4yym
other/4yyn
other/4yzm
other/4yzn
other/4z0d
other/4z0e
other/4z0f
other/4z16
other/4z1n
other/4z1q
other/4z1s
other/4z2g
other/4z2i
other/4z2j
other/4z5w
other/4z6i
other/4z88
other/4z89
other/4z8a
other/4z8m
other/4zh2
other/4zh3
other/4zh4
other/4zhm
other/4zij
other/4zim
other/4zj8
other/4zjc
other/4zmf
other/4znx
other/4zs0
other/4zt7
other/4ztm
other/4ztn
other/4zwy
other/5a09
other/5a0c
other/5a5s
other/5a6h
other/5a7c
other/5a85
other/5aad
other/5aae
other/5aaf
other/5aag
other/5ab0
other/5aen
other/5afm
other/5afn
other/5agu
other/5agv
other/5ah2
other/5ajo
other/5ak2
other/5aku
other/5al1
other/5al2
other/5alc
other/5alf
other/5alg
other/5alh
other/5alo
other/5aok
other/5ap2
other/5ap4
other/5ap6
other/5awt
other/5awu
other/5b4l
other/5b4w
other/5b5o
other/5b5p
other/5b6c
other/5bot
other/5boy
other/5bpp
other/5btr
other/5c13
other/5c42
other/5c6p
other/5cf4
other/5cf5
other/5cfa
other/5cil
other/5cin
other/5cqx
other/5csh
other/5cwa
other/5cxh
other/5czb
other/5d3s
other/5d4a
other/5d7e
other/5d7x
other/5dah
other/5dg6
other/5dl1
other/5dlz
other/5dtr
other/5dv2
other/5dv4
other/5dw1
other/5e0a
other/5e0g
other/5e0h
other/5e2m
other/5e2q
other/5edi
other/5eds
other/5eh0
other/5ehe
other/5ehp
other/5ei4
other/5ei6
other/5ei8
other/5ekh
other/5ekn
other/5eko
other/5ele
other/5elf
other/5elv
other/5em3
other/5em5
other/5em6
other/5em7
other/5em8
other/5enb
other/5enc
other/5ene
other/5enh
other/5eni
other/5enj
other/5eob
other/5eok
other/5epp
other/5esq
other/5etk
other/5etl
other/5etm
other/5etn
other/5eto
other/5etp
other/5etq
other/5etr
other/5ets
other/5ett
other/5etv
other/5eud
other/5eue
other/5euk
other/5ew9
other/5ewm
other/5eyc
other/5eyd
other/5eyk
other/5f1z
other/5f20
other/5f88
other/5f90
other/5fao
other/5fap
other/5fdz
other/5fos
other/5g11
other/5g1p
other/5g3m
other/5gmm
other/5gmp
other/5gow
other/5gu4
other/5gwz
other/5h08
other/5h13
other/5h19
other/5h21
other/5h5r
other/5h8x
other/5hcl
other/5hfj
other/5hg1
other/5hg5
other/5hg7
other/5hg8
other/5hg9
other/5hhx
other/5hjc
other/5hka
other/5hkb
other/5hln
other/5hls
other/5hlw
other/5hm0
other/5ho6
other/5hoa
other/5hor
other/5hv1
other/5hx8
other/5hyq
other/5i0l
other/5i12
other/5i22
other/5i2i
other/5i2z
other/5i3m
other/5i43
other/5i4o
other/5i56
other/5i58
other/5i59
other/5i83
other/5i86
other/5i89
other/5i8b
other/5i8c
other/5icx
other/5icy
other/5icz
other/5iha
other/5im3
other/5iok
other/5iop
other/5ir1
other/5itf
other/5iua
other/5ix1
other/5ixf
other/5iy4
other/5izc
other/5j5r
other/5j6d
other/5jiy
other/5jr2
other/5k00
other/5k0x
other/5k1v
other/5k5n
other/5k6a
other/5kbg
other/5kdf
other/5kgn
other/5kj0
other/5koq
other/5kos
other/5kqg
other/5kql
other/5ktu
other/5ktw
other/5ktx
other/5kx7
other/5kx8
other/5l01
other/5l7f
other/5l8t
other/5l96
other/5l97
other/5l98
other/5l99
other/5lax
other/5lc0
other/5li3
other/5lj1
other/5ljj
other/5lpj
other/5lpk
other/5lpl
other/5lpm
other/5ly3
other/5m2v
other/5m39
other/5m3a
other/5m5q
other/5m6u
other/5mav
other/5mf6
other/5mgg
other/5mgl
other/5mgm
other/5mlo
other/5mlw
other/5mql
other/5mqv
other/5mte
other/5mwj
other/5n16
other/5n3w
other/5n55
other/5n69
other/5n7v
other/5ncy
other/5ncz
other/5nf5
other/5nf6
other/5nu3
other/5nu5
other/5nvy
other/5nvz
other/5nx2
other/5ohj
other/5or9
other/5orb
other/5sve
other/5svi
other/5svx
other/5svy
other/5sxn
other/5t1k
other/5t1l
other/5t1m
other/5t1s
other/5t2y
other/5t35
other/5t4v
other/5t6f
other/5t8r
other/5tbn
other/5tc0
other/5td2
other/5tdr
other/5tdw
other/5tg1
other/5th2
other/5ti2
other/5ti3
other/5ti4
other/5ti5
other/5ti6
other/5ti7
other/5tiu
other/5tpg
other/5tq3
other/5tq5
other/5tq8
other/5tri
other/5trk
other/5twg
other/5twh
other/5tyr
other/5tys
other/5u2c
other/5u2e
other/5u2f
other/5u2j
other/5u6b
other/5u6c
other/5u6v
other/5uah
other/5ual
other/5uex
other/5uey
other/5ufi
other/5ug8
other/5ug9
other/5uga
other/5ugb
other/5ugc
other/5ul6
other/5uoy
other/5ura
other/5urj
other/5urk
other/5usy
other/5uwk
other/5uwl
other/5uwm
other/5uwn
other/5v3o
other/5v49
other/5v83
other/5v84
other/5v86
other/5v88
other/5vcx
other/5vlk
other/5vlp
other/5vpm
other/5vqs
other/5vqw
other/5vqx
other/5vqz
other/5vrp
other/5vwk
other/5w85
other/5wbk
other/5wbl
other/5wej
other/5wev
other/5wo4
other/5x79
other/5x9h
other/5xmr
other/5xyf
other/5y1y
other/5y5n
other/5yco
other/6au5
other/6ayn
other/6azk
other/6b27
other/6b8i
other/6f0y
other/7hvp
other/830c
other/8hvp